Vivado Simulator v2025.2
Copyright 1986-2022 Xilinx, Inc. All Rights Reserved.
Copyright 2022-2025 Advanced Micro Devices, Inc. All Rights Reserved.
Running: C:/AMDDesignTools/2025.2/Vivado/bin/unwrapped/win64.o/xelab.exe --incr --debug typical --relax --mt 2 -L xil_defaultlib -L uvm -L unisims_ver -L unimacro_ver -L secureip --snapshot TB_TCAM_behav xil_defaultlib.TB_TCAM xil_defaultlib.glbl -log elaborate.log 
Using 2 slave threads.
Starting static elaboration
Pass Through NonSizing Optimizer
Completed static elaboration
Starting simulation data flow analysis
Completed simulation data flow analysis
Time Resolution for simulation is 1ps
Compiling module xil_defaultlib.Word_Parser(SPLIT=9)
Compiling module xil_defaultlib.BRAM_Manager(MEM_FILE="mem_1_1.m...
Compiling module xil_defaultlib.BRAM_Manager(MEM_FILE="mem_1_2.m...
Compiling module xil_defaultlib.BRAM_Manager(MEM_FILE="mem_1_3.m...
Compiling module xil_defaultlib.BRAM_Manager(MEM_FILE="mem_1_4.m...
Compiling module xil_defaultlib.BRAM_Manager(MEM_FILE="mem_1_5.m...
Compiling module xil_defaultlib.BRAM_Manager(MEM_FILE="mem_1_6.m...
Compiling module xil_defaultlib.BRAM_Manager(MEM_FILE="mem_1_7.m...
Compiling module xil_defaultlib.BRAM_Manager(MEM_FILE="mem_1_8.m...
Compiling module xil_defaultlib.BRAM_Manager(MEM_FILE="mem_1_9.m...
Compiling module xil_defaultlib.BRAM_Manager(MEM_FILE="mem_1_10....
Compiling module xil_defaultlib.BRAM_Manager(MEM_FILE="mem_1_11....
Compiling module xil_defaultlib.BRAM_Manager(MEM_FILE="mem_1_12....
Compiling module xil_defaultlib.BRAM_Manager(MEM_FILE="mem_2_1.m...
Compiling module xil_defaultlib.BRAM_Manager(MEM_FILE="mem_2_2.m...
Compiling module xil_defaultlib.BRAM_Manager(MEM_FILE="mem_2_3.m...
Compiling module xil_defaultlib.BRAM_Manager(MEM_FILE="mem_2_4.m...
Compiling module xil_defaultlib.BRAM_Manager(MEM_FILE="mem_2_5.m...
Compiling module xil_defaultlib.BRAM_Manager(MEM_FILE="mem_2_6.m...
Compiling module xil_defaultlib.BRAM_Manager(MEM_FILE="mem_2_7.m...
Compiling module xil_defaultlib.BRAM_Manager(MEM_FILE="mem_2_8.m...
Compiling module xil_defaultlib.BRAM_Manager(MEM_FILE="mem_2_9.m...
Compiling module xil_defaultlib.BRAM_Manager(MEM_FILE="mem_2_10....
Compiling module xil_defaultlib.BRAM_Manager(MEM_FILE="mem_2_11....
Compiling module xil_defaultlib.BRAM_Manager(MEM_FILE="mem_2_12....
Compiling module xil_defaultlib.BRAM_Manager(MEM_FILE="mem_3_1.m...
Compiling module xil_defaultlib.BRAM_Manager(MEM_FILE="mem_3_2.m...
Compiling module xil_defaultlib.BRAM_Manager(MEM_FILE="mem_3_3.m...
Compiling module xil_defaultlib.BRAM_Manager(MEM_FILE="mem_3_4.m...
Compiling module xil_defaultlib.BRAM_Manager(MEM_FILE="mem_3_5.m...
Compiling module xil_defaultlib.BRAM_Manager(MEM_FILE="mem_3_6.m...
Compiling module xil_defaultlib.BRAM_Manager(MEM_FILE="mem_3_7.m...
Compiling module xil_defaultlib.BRAM_Manager(MEM_FILE="mem_3_8.m...
Compiling module xil_defaultlib.BRAM_Manager(MEM_FILE="mem_3_9.m...
Compiling module xil_defaultlib.BRAM_Manager(MEM_FILE="mem_3_10....
Compiling module xil_defaultlib.BRAM_Manager(MEM_FILE="mem_3_11....
Compiling module xil_defaultlib.BRAM_Manager(MEM_FILE="mem_3_12....
Compiling module xil_defaultlib.BRAM_Manager(MEM_FILE="mem_4_1.m...
Compiling module xil_defaultlib.BRAM_Manager(MEM_FILE="mem_4_2.m...
Compiling module xil_defaultlib.BRAM_Manager(MEM_FILE="mem_4_3.m...
Compiling module xil_defaultlib.BRAM_Manager(MEM_FILE="mem_4_4.m...
Compiling module xil_defaultlib.BRAM_Manager(MEM_FILE="mem_4_5.m...
Compiling module xil_defaultlib.BRAM_Manager(MEM_FILE="mem_4_6.m...
Compiling module xil_defaultlib.BRAM_Manager(MEM_FILE="mem_4_7.m...
Compiling module xil_defaultlib.BRAM_Manager(MEM_FILE="mem_4_8.m...
Compiling module xil_defaultlib.BRAM_Manager(MEM_FILE="mem_4_9.m...
Compiling module xil_defaultlib.BRAM_Manager(MEM_FILE="mem_4_10....
Compiling module xil_defaultlib.BRAM_Manager(MEM_FILE="mem_4_11....
Compiling module xil_defaultlib.BRAM_Manager(MEM_FILE="mem_4_12....
Compiling module xil_defaultlib.BRAM_Manager(MEM_FILE="mem_5_1.m...
Compiling module xil_defaultlib.BRAM_Manager(MEM_FILE="mem_5_2.m...
Compiling module xil_defaultlib.BRAM_Manager(MEM_FILE="mem_5_3.m...
Compiling module xil_defaultlib.BRAM_Manager(MEM_FILE="mem_5_4.m...
Compiling module xil_defaultlib.BRAM_Manager(MEM_FILE="mem_5_5.m...
Compiling module xil_defaultlib.BRAM_Manager(MEM_FILE="mem_5_6.m...
Compiling module xil_defaultlib.BRAM_Manager(MEM_FILE="mem_5_7.m...
Compiling module xil_defaultlib.BRAM_Manager(MEM_FILE="mem_5_8.m...
Compiling module xil_defaultlib.BRAM_Manager(MEM_FILE="mem_5_9.m...
Compiling module xil_defaultlib.BRAM_Manager(MEM_FILE="mem_5_10....
Compiling module xil_defaultlib.BRAM_Manager(MEM_FILE="mem_5_11....
Compiling module xil_defaultlib.BRAM_Manager(MEM_FILE="mem_5_12....
Compiling module xil_defaultlib.Priority_Encoder(N=360)
Compiling module xil_defaultlib.TCAM_default
Compiling module xil_defaultlib.TB_TCAM
Compiling module xil_defaultlib.glbl
Built simulation snapshot TB_TCAM_behav
